Starting server...
